// Jest Snapshot v1, https://goo.gl/fbAQLP

exports[`<Main /> should render the heading 1`] = `
.c0 {
  display: flex;
  background-color: #f5f5f5;
  flex-direction: column;
  align-items: center;
  justify-content: center;
  height: 100%;
}

<main
  class="c0"
>
  <h1>
    React Avan√ßado
  </h1>
</main>
`;
